../Core/Src/main.c:260:13:AutoMode_Run	7
../Core/Src/main.c:277:14:map_pot_to_angle	5
../Core/Src/main.c:288:19:I2C_PostHigh	3
../Core/Src/main.c:302:19:I2C_PostLowBestEffort	3
../Core/Src/main.c:316:13:I2C_SendTextLN	3
../Core/Src/main.c:332:5:main	2
../Core/Src/main.c:429:6:SystemClock_Config	3
../Core/Src/main.c:461:13:MX_ADC1_Init	5
../Core/Src/main.c:498:13:MX_I2C1_Init	2
../Core/Src/main.c:517:13:MX_SPI1_Init	2
../Core/Src/main.c:540:13:MX_TIM2_Init	6
../Core/Src/main.c:575:13:MX_USART1_UART_Init	2
../Core/Src/main.c:591:13:MX_DMA_Init	1
../Core/Src/main.c:604:13:MX_GPIO_Init	1
../Core/Src/main.c:659:6:StartDefaultTask	2
../Core/Src/main.c:670:6:Start_I2C_TX	5
../Core/Src/main.c:696:6:StartADCReadTask	1
../Core/Src/main.c:718:6:StartSendAliveTask	2
../Core/Src/main.c:749:6:StartSpiReadTask	9
../Core/Src/main.c:783:6:StartManualModeTask	22
../Core/Src/main.c:947:6:StartAutoModeTask	2
../Core/Src/main.c:968:6:StartSwitchModeTask	4
../Core/Src/main.c:991:6:Start_Mode_Manager_Task	6
../Core/Src/main.c:1023:6:StartUART_Send_word	1
../Core/Src/main.c:1036:6:StartSPI_SEND	2
../Core/Src/main.c:1058:6:HAL_TIM_PeriodElapsedCallback	2
../Core/Src/main.c:1069:6:Error_Handler	1
