../Core/Src/main.c:260:13:AutoMode_Run	24	static
../Core/Src/main.c:277:14:map_pot_to_angle	24	static
../Core/Src/main.c:288:19:I2C_PostHigh	96	static
../Core/Src/main.c:302:19:I2C_PostLowBestEffort	96	static
../Core/Src/main.c:316:13:I2C_SendTextLN	88	static
../Core/Src/main.c:332:5:main	8	static
../Core/Src/main.c:429:6:SystemClock_Config	88	static
../Core/Src/main.c:461:13:MX_ADC1_Init	24	static
../Core/Src/main.c:498:13:MX_I2C1_Init	8	static
../Core/Src/main.c:517:13:MX_SPI1_Init	8	static
../Core/Src/main.c:540:13:MX_TIM2_Init	48	static
../Core/Src/main.c:575:13:MX_USART1_UART_Init	8	static
../Core/Src/main.c:591:13:MX_DMA_Init	16	static
../Core/Src/main.c:604:13:MX_GPIO_Init	40	static
../Core/Src/main.c:659:6:StartDefaultTask	16	static
../Core/Src/main.c:670:6:Start_I2C_TX	120	static
../Core/Src/main.c:696:6:StartADCReadTask	40	static
../Core/Src/main.c:718:6:StartSendAliveTask	32	static
../Core/Src/main.c:749:6:StartSpiReadTask	32	static
../Core/Src/main.c:783:6:StartManualModeTask	72	static
../Core/Src/main.c:947:6:StartAutoModeTask	32	static
../Core/Src/main.c:968:6:StartSwitchModeTask	16	static
../Core/Src/main.c:991:6:Start_Mode_Manager_Task	24	static
../Core/Src/main.c:1023:6:StartUART_Send_word	24	static
../Core/Src/main.c:1036:6:StartSPI_SEND	24	static
../Core/Src/main.c:1058:6:HAL_TIM_PeriodElapsedCallback	16	static
../Core/Src/main.c:1069:6:Error_Handler	4	static,ignoring_inline_asm
